import processing.core.*;
import processing.data.*;
import processing.event.*;
import processing.opengl.*;

import processing.pdf.*;

import java.util.HashMap;
import java.util.ArrayList;
import java.io.File;
import java.io.BufferedReader;
import java.io.PrintWriter;
import java.io.InputStream;
import java.io.OutputStream;
import java.io.IOException;

public class whitespace extends PApplet {

    void setup() {
        size(640, 360); 
        stroke(255);
        noFill();
    }

    void drawBezier(int i) {
        bezier(
            mouseX - (i/2.0),
            40+i,
            410,
            20,
            440,
            300,
            240 - (i/16.0),
            300 + (i/8.0)
        );
    }

    void draw() {
        background(0);
        for (int i = 0; i < 200; i += 20) {
            drawBezier(i);
        }
    }

    public void settings() { size(640,360); }

    static public void main(String[] passedArgs) {
        String[] appletArgs = new String[] { "whitespace" };
        if (passedArgs != null) {
            PApplet.main(concat(appletArgs, passedArgs));
        } else {
            PApplet.main(appletArgs);
        }
    }
}
